// Jest Snapshot v1, https://goo.gl/fbAQLP

exports[`App renders App component 1`] = `
<DocumentFragment>
  <div
    class="App"
  >
    <img
      alt="NASA Logo"
      class="nasa-logo"
      data-testid="nasaLogo"
      src="https://cdn.cnn.com/cnnnext/dam/assets/200424060716-nasa-worm-logo.jpg"
    />
    <div>
      <form
        class="search-form"
      >
        <input
          class="search-form__input-box"
          placeholder="Search"
          type="text"
        />
        <button
          class="search-form__button"
          data-testid="button"
          type="submit"
        >
          Search
        </button>
      </form>
    </div>
    <p
      class="search-results__no-results"
    >
      No results
    </p>
  </div>
</DocumentFragment>
`;
