// Jest Snapshot v1, https://goo.gl/fbAQLP

exports[`Search Results renders correctly 1`] = `
<DocumentFragment>
  <div
    class="search-results"
  >
    <div
      class="search-results__text"
    >
      <p>
        Search Results:
      </p>
    </div>
    <div
      class="search-results__images"
    >
      <img
        alt="spaceImage"
        class="card-image"
        src="string1"
      />
      <img
        alt="spaceImage"
        class="card-image"
        src="string2"
      />
      <img
        alt="spaceImage"
        class="card-image"
        src="string3"
      />
    </div>
  </div>
</DocumentFragment>
`;
